I01 | no strip of the command string | KILLED | FAILED tests/test_gates.py::test_plain_strings_become_argv[pytest -q\n-argv3]
I02 | length cap >= instead of > | KILLED | FAILED tests/test_gates.py::test_plain_strings_become_argv[xxxxxxxxxxxxxxxxxxxxxxxxxxxxxxxxxxxxxxxxxxxxxxxxxxxxxxxxxxxxxxxxxxxxxxxxxxxxxxxxxxxxxxxxxxx
I03 | metachar scan only on first char | KILLED | FAILED tests/test_gates.py::test_proof_metachar_is_a_policy_error_and_nothing_spawns
I04 | metachar scan only outside quotes (strip quoted bits) | KILLED | FAILED tests/test_gates.py::test_metacharacters_refused_even_inside_quotes[pytest -k 'a;b']
I05 | shlex comments=True | KILLED | FAILED tests/test_gates.py::test_plain_strings_become_argv[pytest # c-argv10]
I06 | shlex posix=False | KILLED | FAILED tests/test_gates.py::test_proof_plain_string_runs_as_argv - AssertionE...
I07 | executable dash check only -- | KILLED | FAILED tests/test_gates.py::test_plain_strings_refused[-q pytest-starts with '-']
I08 | executable = check only trailing | KILLED | FAILED tests/test_gates.py::test_plain_strings_refused[A=b pytest-contains '=']
I09 | NUL checked only in argv[0] | KILLED | FAILED tests/test_gates.py::test_argv_form_refused[argv5-NUL] - AssertionErro...
I10 | encodability checked only argv[0] | KILLED | FAILED tests/test_gates.py::test_argv_form_refused[argv6-not valid text] - As...
I11 | item length checked only argv[0] | KILLED | FAILED tests/test_gates.py::test_argv_item_length_boundary - AssertionError: ...
I12 | cwd existence instead of is_dir | KILLED | FAILED tests/test_gates.py::test_cwd_must_be_an_existing_folder - AssertionEr...
I13 | guard sees only the executable | KILLED | FAILED tests/test_gates.py::test_plain_strings_refused[-empty command] - Asse...
I14 | guard cwd is the raw unresolved cwd | KILLED | FAILED tests/test_gates.py::test_guard_runs_on_the_joined_argv_and_is_called_once
I15 | pass counted for not-run | KILLED | FAILED tests/test_gates.py::test_a_refused_gate_spawns_nothing_and_skips_every_gate[pytest; rm x-first]
I16 | ok without non-empty check | KILLED | FAILED tests/test_gates.py::test_status_to_exit_code[statuses_in11-1] - asser...
I17 | spawn uses unresolved gate cwd | KILLED | FAILED tests/test_gates.py::test_a_declared_shell_gate_still_runs_through_sh_when_allowed
I18 | --root ignored | KILLED | FAILED tests/test_gates.py::test_the_real_cli_refuses_a_relative_link_to_a_shell_and_creates_nothing[root-sub]
I19 | check_write instead of check_read | KILLED | FAILED tests/test_gates.py::test_proof_plain_string_runs_as_argv - AssertionE...
I20 | shell path via PATH lookup | KILLED | FAILED tests/test_gates.py::test_proof_shell_true_only_when_declared_and_allowed
I21 | FIFO check exists instead of isfile | KILLED | FAILED tests/test_gates.py::test_missing_or_directory_gate_file_exit_2[directory]
I22 | BOM accepted | KILLED | FAILED tests/test_gates.py::test_bad_raw_file_is_refused[bom] - Failed: DID N...
I23 | RecursionError not caught at load | KILLED | FAILED tests/test_gates.py::test_bad_raw_file_is_refused[deep-nesting] - Recu...
I24 | schema_version bool/float accepted | KILLED | FAILED tests/test_gates.py::test_bad_file_is_refused_and_exit_2[version-true]
I25 | empty gates accepted at load | KILLED | FAILED tests/test_gates.py::test_bad_file_is_refused_and_exit_2[empty-list]
I26 | total budget boundary < instead of <= | KILLED | FAILED tests/test_gates.py::test_total_budget_boundary_with_a_frozen_clock - ...
I27 | total_s param ignored | KILLED | FAILED tests/test_gates.py::test_total_budget_spent_means_not_run_never_pass
I28 | SIGTERM handler not restored (re-expressed for rev 2) | KILLED | FAILED tests/test_gates.py::test_the_handlers_unwind_with_128_plus_the_signal_and_are_restored[SIGTERM]
I29 | redaction skipped on stderr only | KILLED | FAILED tests/test_gates.py::test_tails_are_redacted - AssertionError: assert ...
I30 | cut flag drops capture truncation | KILLED | FAILED tests/test_gates.py::test_capture_truncation_counts_even_when_redaction_shrinks_the_text
I31 | tail takes the head | KILLED | FAILED tests/test_gates.py::test_the_tail_is_the_end_of_the_output - Assertio...
I32 | signal death reported as pass | KILLED | FAILED tests/test_gates.py::test_exit_code_mapping - AssertionError: assert (...
I33 | timeout check after exit code | KILLED | FAILED tests/test_gates.py::test_timeout_outranks_an_exit_code_of_zero - Asse...
I34 | policy error exit when only some refused -> 1 if any fail | KILLED | FAILED tests/test_gates.py::test_a_refused_gate_spawns_nothing_and_skips_every_gate[pytest; rm x-first]
I35 | shell gate guard line is the argv join | KILLED | FAILED tests/test_gates.py::test_guard_runs_on_the_joined_argv_and_is_called_once
I36 | shell: refused-without-flag check removed order (allow_shell ignored when argv nonblank) | KILLED | FAILED tests/test_gates.py::test_proof_shell_true_only_when_declared_and_allowed
I37 | plan crash not fail-closed (re-raise) | KILLED | FAILED tests/test_gates.py::test_a_guard_crash_is_a_refusal_not_a_spawn - Run...
I38 | duplicate JSON keys last-wins | KILLED | FAILED tests/test_gates.py::test_bad_raw_file_is_refused[duplicate-root-key]
I39 | unknown gate keys tolerated | KILLED | FAILED tests/test_gates.py::test_bad_file_is_refused_and_exit_2[gate-unknown-key]
I40 | id charset: leading dash allowed | KILLED | FAILED tests/test_gates.py::test_bad_file_is_refused_and_exit_2[id-leading-dash]
I41 | timeout bool accepted | KILLED | FAILED tests/test_gates.py::test_bad_file_is_refused_and_exit_2[timeout-true]
I42 | timeout lower bound >= 0 | KILLED | FAILED tests/test_gates.py::test_bad_file_is_refused_and_exit_2[timeout-zero]
I43 | argv list items need not be strings | KILLED | FAILED tests/test_gates.py::test_bad_file_is_refused_and_exit_2[argv-number-item]
I44 | stream: stdout tail cap 64000 -> unbounded | KILLED | FAILED tests/test_gates.py::test_capture_truncation_counts_even_when_redaction_shrinks_the_text
I45 | exit chunk emitted even if proc not finished (rc None) -> str(None) | SURVIVED | 677 passed in 29.78s
I46 | stream: finally does not killpg | KILLED | FAILED tests/test_gates.py::test_a_signal_to_the_runner_kills_the_running_gate_and_is_never_a_pass[SIGINT]
I47 | env scrub extra keys | KILLED | FAILED tests/test_gates.py::test_spawn_arguments - AssertionError: assert ('k...
I48 | Gate dataclass default shell: command argv path ignores nonlist | SURVIVED | 677 passed in 27.35s
I49 | report counts failed wrong | KILLED | FAILED tests/test_gates.py::test_every_gate_runs_after_a_failure - assert (2,...
I50 | not-run message status policy-error for others | KILLED | FAILED tests/test_gates.py::test_a_refused_gate_spawns_nothing_and_skips_every_gate[pytest; rm x-first]
TOTAL 50 killed 48 survived ['I45', 'I48'] bad []
