CONTROL (unmutated copy, serial): rc=0 677 passed in 25.72s
K01  KILLED           diff-lines= 2 1 run       MAX_GATES 51 -> test_bad_file_is_refused_and_exit_2
K02  KILLED           diff-lines= 2 1 run       MAX_GATES 49 -> test_gate_count_boundary
K03  KILLED           diff-lines= 2 1 run       MAX_FILE_BYTES -1 -> test_the_documented_bounds
K04  KILLED           diff-lines= 2 1 run       MAX_FILE_BYTES +1 -> test_the_documented_bounds
K05  KILLED           diff-lines= 2 1 run       MAX_TEXT_CHARS 4095 -> test_plain_strings_become_argv
K06  KILLED           diff-lines= 2 1 run       MAX_TEXT_CHARS 4097 -> test_plain_strings_refused
K07  KILLED           diff-lines= 2 1 run       MAX_ARGV_ITEMS 255 -> test_argv_item_count_accepted
K08  KILLED           diff-lines= 2 1 run       MAX_ARGV_ITEMS 257 -> test_argv_item_count_limit
K09  KILLED           diff-lines= 2 1 run       DEFAULT_TIMEOUT_S 299 -> test_good_file_loads_exactly
K10  KILLED           diff-lines= 2 1 run       MAX_TIMEOUT_S 1799 -> test_good_file_loads_exactly
K11  KILLED           diff-lines= 2 1 run       MAX_TIMEOUT_S 1801 -> test_bad_file_is_refused_and_exit_2
K12  KILLED           diff-lines= 2 1 run       MAX_TOTAL_S 3601 -> test_the_documented_bounds
K13  KILLED           diff-lines= 2 1 run       TAIL_CHARS 3999 -> test_redaction_happens_before_the_tail_is_cut
K14  KILLED           diff-lines= 2 1 run       TAIL_CHARS 4001 -> test_redaction_happens_before_the_tail_is_cut
K15  KILLED           diff-lines= 2 1 run       SHELL_PATH bash -> test_proof_shell_true_only_when_declared_and_allowed
K16  KILLED           diff-lines= 2 1 run       SCHEMA_VERSION 2 -> test_good_file_loads_exactly
X01  KILLED           diff-lines= 2 1 run       metacharacter ';' dropped from the set -> test_proof_metachar_is_a_policy_error_and_nothing_spawns
X02  KILLED           diff-lines= 2 1 run       metacharacter '&' dropped from the set -> test_proof_shell_true_only_when_declared_and_allowed
X03  KILLED           diff-lines= 2 1 run       metacharacter '|' dropped from the set -> test_every_metacharacter_is_refused
X04  KILLED           diff-lines= 2 1 run       metacharacter '`' dropped from the set -> test_every_metacharacter_is_refused
X05  KILLED           diff-lines= 2 1 run       metacharacter '$' dropped from the set -> test_every_metacharacter_is_refused
X06  KILLED           diff-lines= 2 1 run       metacharacter '<' dropped from the set -> test_every_metacharacter_is_refused
X07  KILLED           diff-lines= 2 1 run       metacharacter '>' dropped from the set -> test_every_metacharacter_is_refused
X08  KILLED           diff-lines= 2 1 run       metacharacter '\\n' dropped from the set -> test_every_metacharacter_is_refused
X09  KILLED           diff-lines= 2 1 run       metacharacter '\\r' dropped from the set -> test_every_metacharacter_is_refused
X10  KILLED           diff-lines= 2 1 run       false positive: '(' added to the metacharacter set -> test_proof_plain_string_runs_as_argv
X11  KILLED           diff-lines= 2 1 run       false positive: ')' added to the metacharacter set -> test_proof_plain_string_runs_as_argv
X12  KILLED           diff-lines= 2 1 run       false positive: '{' added to the metacharacter set -> test_plain_strings_become_argv
X13  KILLED           diff-lines= 2 1 run       false positive: '*' added to the metacharacter set -> test_plain_strings_become_argv
X14  KILLED           diff-lines= 2 1 run       false positive: '~' added to the metacharacter set -> test_plain_strings_become_argv
X15  KILLED           diff-lines= 2 1 run       false positive: '#' added to the metacharacter set -> test_plain_strings_become_argv
X16  KILLED           diff-lines= 2 1 run       false positive: '!' added to the metacharacter set -> test_the_documented_bounds
X17  KILLED           diff-lines= 2 1 run       false positive: '\\t' added to the metacharacter set -> test_plain_strings_become_argv
X18  KILLED           diff-lines= 2 1 run       false positive: "'" added to the metacharacter set -> test_proof_plain_string_runs_as_argv
X19  KILLED           diff-lines= 2 1 run       false positive: '?' added to the metacharacter set -> test_the_documented_bounds
X20  KILLED           diff-lines= 2 1 run       false positive: '[' added to the metacharacter set -> test_the_documented_bounds
X21  KILLED           diff-lines= 2 1 run       false positive: '=' added to the metacharacter set -> test_plain_strings_become_argv
X30  KILLED           diff-lines= 2 1 run       root keys: extra accepted -> test_bad_file_is_refused_and_exit_2
X31  KILLED           diff-lines= 2 1 run       gate keys: env accepted -> test_bad_file_is_refused_and_exit_2
X32  KILLED           diff-lines= 2 1 run       gate keys: cwd dropped -> test_good_file_loads_exactly
L01  KILLED           diff-lines= 2 1 run       isfile check removed -> test_missing_or_directory_gate_file_exit_2
L02  KILLED           diff-lines= 2 1 run       unbounded read -> test_the_file_read_is_bounded
L03  KILLED           diff-lines= 2 1 run       read one byte short (size cap never trips) -> test_file_size_boundary
L04  KILLED           diff-lines= 2 1 run       size cap: > becomes >= -> test_file_size_boundary
L05  KILLED           diff-lines= 2 1 run       size cap removed -> test_file_size_boundary
L06  KILLED           diff-lines= 2 1 run       decode errors replaced -> test_bad_raw_file_is_refused
L07  KILLED           diff-lines= 2 1 run       BOM tolerated -> test_bad_raw_file_is_refused
L08  KILLED           diff-lines= 2 1 run       latin-1 decode -> test_bad_raw_file_is_refused
L09  KILLED           diff-lines= 2 1 run       duplicate keys allowed -> test_bad_raw_file_is_refused
L10  KILLED           diff-lines= 2 1 run       RecursionError not caught -> test_bad_raw_file_is_refused
L11  KILLED           diff-lines= 2 1 run       ValueError not caught -> test_bad_raw_file_is_refused
L12  KILLED           diff-lines= 2 1 run       unknown root keys allowed -> test_bad_file_is_refused_and_exit_2
L13  KILLED           diff-lines= 2 1 run       root type check removed -> test_bad_file_is_refused_and_exit_2
L14  KILLED           diff-lines= 2 1 run       version: bool and 1.0 pass -> test_bad_file_is_refused_and_exit_2
L15  KILLED           diff-lines= 2 1 run       version: any int passes -> test_bad_file_is_refused_and_exit_2
L16  KILLED           diff-lines= 2 1 run       version: 1.0 passes -> test_bad_file_is_refused_and_exit_2
L17  KILLED           diff-lines= 2 1 run       version check removed -> test_bad_file_is_refused_and_exit_2
L18  KILLED           diff-lines= 2 1 run       empty gate list allowed -> test_bad_file_is_refused_and_exit_2
L19  KILLED           diff-lines= 2 1 run       gates list type not checked -> test_bad_file_is_refused_and_exit_2
L20  KILLED           diff-lines= 2 1 run       gate count: > becomes >= -> test_gate_count_boundary
L21  KILLED           diff-lines= 2 1 run       gate count cap removed -> test_bad_file_is_refused_and_exit_2
L22  KILLED           diff-lines= 2 1 run       duplicate ids: != becomes > -> test_bad_file_is_refused_and_exit_2
L23  KILLED           diff-lines= 2 1 run       duplicate id check removed -> test_bad_file_is_refused_and_exit_2
L24  SURVIVED         diff-lines= 2 1 run       duplicate ids: != becomes < ->  [equivalent: a set is never larger than its list, so `!=` and `<` are the same test]
L25  KILLED           diff-lines= 2 1 run       gate numbering starts at 0 -> test_bad_gate_is_numbered_from_one
L26  KILLED           diff-lines= 2 1 run       last gate dropped at load -> test_good_file_loads_exactly
L27  KILLED           diff-lines= 2 1 run       first gate dropped at load -> test_good_file_loads_exactly
L28  KILLED           diff-lines= 3 1 run       gates beyond the cap truncated, not refused -> test_bad_file_is_refused_and_exit_2
P01  KILLED           diff-lines= 2 1 run       gate object check removed -> test_bad_file_is_refused_and_exit_2
P02  KILLED           diff-lines= 2 1 run       unknown gate keys allowed -> test_bad_file_is_refused_and_exit_2
P03  KILLED           diff-lines= 2 1 run       id check removed -> test_bad_file_is_refused_and_exit_2
P04  KILLED           diff-lines= 2 1 run       empty id allowed -> test_bad_file_is_refused_and_exit_2
P05  KILLED           diff-lines= 2 1 run       id length 65 allowed -> test_bad_file_is_refused_and_exit_2
P06  KILLED           diff-lines= 2 1 run       id length 64 refused -> test_id_boundaries
P07  KILLED           diff-lines= 1 1 run       non-ASCII ids allowed -> test_bad_file_is_refused_and_exit_2
P08  KILLED           diff-lines= 1 1 run       leading punctuation in ids allowed -> test_bad_file_is_refused_and_exit_2
P09  KILLED           diff-lines= 2 1 run       space allowed in ids -> test_bad_file_is_refused_and_exit_2
P10  KILLED           diff-lines= 2 1 run       slash allowed in ids -> test_bad_file_is_refused_and_exit_2
P11  KILLED           diff-lines= 2 1 run       dot not allowed in ids -> test_good_file_loads_exactly
P12  KILLED           diff-lines= 2 1 run       dash not allowed in ids -> test_good_file_loads_exactly
P13  KILLED           diff-lines= 2 1 run       underscore not allowed in ids -> test_good_file_loads_exactly
P14  KILLED           diff-lines= 3 1 run       id type not checked -> test_bad_file_is_refused_and_exit_2
P15  KILLED           diff-lines= 2 1 run       command and argv together allowed -> test_bad_file_is_refused_and_exit_2
P16  KILLED           diff-lines= 2 1 run       command or argv alone refused -> test_good_file_loads_exactly
P17  KILLED           diff-lines= 2 1 run       command type not checked -> test_bad_file_is_refused_and_exit_2
P18  KILLED           diff-lines= 2 1 run       argv type not checked -> test_bad_file_is_refused_and_exit_2
P19  KILLED           diff-lines= 2 1 run       argv list type not checked -> test_bad_file_is_refused_and_exit_2
P20  KILLED           diff-lines= 2 1 run       argv item types not checked -> test_bad_file_is_refused_and_exit_2
P21  KILLED           diff-lines= 2 1 run       shell flag type not checked -> test_bad_file_is_refused_and_exit_2
P22  KILLED           diff-lines= 4 1 run       shell flag coerced with bool() (the reference's bug) -> test_bad_file_is_refused_and_exit_2
P23  KILLED           diff-lines= 2 1 run       shell with argv allowed -> test_bad_file_is_refused_and_exit_2
P24  KILLED           diff-lines= 2 1 run       timeout default None -> test_good_file_loads_exactly
P25  KILLED           diff-lines= 2 1 run       bool timeout allowed -> test_bad_file_is_refused_and_exit_2
P26  KILLED           diff-lines= 2 1 run       string timeout allowed -> test_bad_file_is_refused_and_exit_2
P27  KILLED           diff-lines= 2 1 run       OverflowError not caught -> test_bad_file_is_refused_and_exit_2
P28  KILLED           diff-lines= 2 1 run       timeout 0 allowed -> test_bad_file_is_refused_and_exit_2
P29  KILLED           diff-lines= 2 1 run       timeout upper bound exclusive -> test_good_file_loads_exactly
P30  KILLED           diff-lines= 2 1 run       timeout upper bound removed -> test_bad_file_is_refused_and_exit_2
P31  KILLED           diff-lines= 2 1 run       timeout lower bound removed -> test_bad_file_is_refused_and_exit_2
P32  KILLED           diff-lines= 2 1 run       default cwd empty -> test_good_file_loads_exactly
P33  KILLED           diff-lines= 2 1 run       cwd type not checked -> test_bad_file_is_refused_and_exit_2
P34  KILLED           diff-lines= 2 1 run       argv kept as a list -> test_good_file_loads_exactly
P35  KILLED           diff-lines= 2 1 run       timeout default is the max -> test_good_file_loads_exactly
P36  KILLED           diff-lines= 2 1 run       NaN timeout accepted (negated comparison) -> test_bad_raw_file_is_refused
A01  KILLED           diff-lines= 2 1 run       command string not stripped -> test_plain_strings_become_argv
A02  KILLED           diff-lines= 2 1 run       command length: > becomes >= -> test_plain_strings_become_argv
A03  KILLED           diff-lines= 2 1 run       command length cap removed -> test_plain_strings_refused
A04  KILLED           diff-lines= 2 1 run       metacharacters: first word only -> test_proof_metachar_is_a_policy_error_and_nothing_spawns
A05  KILLED           diff-lines= 2 1 run       metacharacter scan removed -> test_proof_metachar_is_a_policy_error_and_nothing_spawns
A06  KILLED           diff-lines= 2 1 run       metacharacter scan inverted -> test_proof_plain_string_runs_as_argv
A07  KILLED           diff-lines= 2 1 run       split on whitespace only -> test_proof_plain_string_runs_as_argv
A08  KILLED           diff-lines= 2 1 run       shlex comments on -> test_plain_strings_become_argv
A09  KILLED           diff-lines= 2 1 run       shlex non-POSIX -> test_proof_plain_string_runs_as_argv
A10  KILLED           diff-lines= 2 1 run       tokenize error not handled -> test_plain_strings_refused
R01  KILLED           diff-lines= 2 1 run       empty argv allowed -> test_plain_strings_refused
R02  KILLED           diff-lines= 2 1 run       argv count: > becomes >= -> test_argv_item_count_accepted
R03  KILLED           diff-lines= 2 1 run       argv item length: > becomes >= -> test_plain_strings_become_argv
R04  KILLED           diff-lines= 2 1 run       argv size caps removed -> test_argv_item_count_limit
R05  KILLED           diff-lines= 2 1 run       NUL check removed -> test_plain_strings_refused
R06  KILLED           diff-lines= 2 1 run       encode check removed -> test_argv_form_refused
R07  KILLED           diff-lines= 2 1 run       encode check lets lone surrogates through -> test_argv_form_refused
R08  KILLED           diff-lines= 2 1 run       empty executable allowed -> test_plain_strings_refused
R09  KILLED           diff-lines= 2 1 run       leading dash allowed -> test_plain_strings_refused
R10  KILLED           diff-lines= 2 1 run       '=' in the executable allowed -> test_plain_strings_refused
R11  KILLED           diff-lines= 2 1 run       '=' checked on the last word -> test_plain_strings_become_argv
R12  KILLED           diff-lines= 2 1 run       leading dash checked on every word -> test_proof_plain_string_runs_as_argv
R13  KILLED           diff-lines= 2 1 run       '=' checked on every word -> test_plain_strings_become_argv
Q01  KILLED           diff-lines= 2 1 run       shell flag ignored -> test_proof_shell_true_only_when_declared_and_allowed
Q02  KILLED           diff-lines= 2 1 run       blank shell command allowed -> test_shell_gate_empty_command
Q03  KILLED           diff-lines= 2 1 run       shell length: > becomes >= -> test_shell_gate_length_boundary
Q04  KILLED           diff-lines= 2 1 run       shell length cap removed -> test_shell_gate_length_boundary
Q05  KILLED           diff-lines= 2 1 run       shell runs without the caller flag -> test_proof_shell_true_only_when_declared_and_allowed
Q06  KILLED           diff-lines= 2 1 run       shell caller flag inverted -> test_proof_shell_true_only_when_declared_and_allowed
Q07  KILLED           diff-lines= 2 1 run       non-POSIX check inverted -> test_proof_shell_true_only_when_declared_and_allowed
Q08  KILLED           diff-lines= 2 1 run       non-POSIX check removed -> test_shell_gate_is_refused_without_posix
Q09  KILLED           diff-lines= 2 1 run       shell argv: -lc -> test_proof_shell_true_only_when_declared_and_allowed
Q10  KILLED           diff-lines= 2 1 run       shell argv: bare sh -> test_proof_shell_true_only_when_declared_and_allowed
Q11  KILLED           diff-lines= 2 1 run       guard sees the sh -c line -> test_guard_runs_on_the_joined_argv_and_is_called_once
Q12  KILLED(rerun)    diff-lines= 2 1 run       argv-form gates ignored -> test_proof_timeout_is_timeout_never_pass
Q13  KILLED           diff-lines= 2 1 run       refusal text not returned -> test_proof_metachar_is_a_policy_error_and_nothing_spawns
Q14  KILLED           diff-lines= 2 1 run       empty argv replaced by `true` (a silent pass) -> test_plain_strings_refused
Q15  KILLED           diff-lines= 2 1 run       guard sees a space-joined line -> test_argv_form_is_verbatim
Q16  KILLED           diff-lines= 2 1 run       argv checks skipped -> test_plain_strings_refused
Q17  KILLED           diff-lines= 2 1 run       cwd checked in write mode -> test_proof_plain_string_runs_as_argv
Q18  KILLED           diff-lines= 2 1 run       cwd not fenced (Path only) -> test_a_relative_symlink_to_a_shell_is_refused_from_the_gate_cwd_not_the_runner_cwd
Q19  KILLED           diff-lines= 2 1 run       cwd joined to the root without containment -> test_cwd_outside_the_root_is_refused
Q20  KILLED           diff-lines= 2 1 run       cwd denial not handled -> test_cwd_outside_the_root_is_refused
Q21  KILLED           diff-lines= 2 1 run       cwd folder check removed -> test_a_refusal_never_echoes_the_command_or_cwd
Q22  KILLED           diff-lines= 2 1 run       cwd folder check: exists -> test_cwd_must_be_an_existing_folder
R14  KILLED           diff-lines= 2 1 run       argv refusal inverted -> test_proof_plain_string_runs_as_argv
Q22b KILLED           diff-lines= 2 1 run       cwd folder check inverted -> test_proof_plain_string_runs_as_argv
Q25b KILLED           diff-lines= 2 1 run       guard denial inverted -> test_proof_plain_string_runs_as_argv
Q31  KILLED           diff-lines= 2 1 run       metacharacter refusal echoes the command -> test_a_refusal_never_echoes_the_command_or_cwd
Q32  KILLED           diff-lines= 2 1 run       tokenize refusal echoes the command -> test_a_refusal_never_echoes_the_command_or_cwd
Q33  KILLED           diff-lines= 2 1 run       leading-dash refusal echoes the word -> test_a_refusal_never_echoes_the_command_or_cwd
Q34  KILLED           diff-lines= 2 1 run       cwd refusal echoes the cwd -> test_a_refusal_never_echoes_the_command_or_cwd
Q35  KILLED           diff-lines= 2 1 run       cwd folder refusal echoes the cwd -> test_a_refusal_never_echoes_the_command_or_cwd
Q23  KILLED           diff-lines= 2 1 run       guard not called -> test_huge_argv_is_refused_by_the_guard_cap
Q24  KILLED           diff-lines= 2 1 run       guard not given the cwd (sensitive-path rule on cwd lost) -> test_guard_runs_on_the_joined_argv_and_is_called_once
Q24b KILLED           diff-lines= 2 1 run       guard given the wrong command key -> test_huge_argv_is_refused_by_the_guard_cap
Q24c KILLED           diff-lines= 2 1 run       guard given the gate cwd text, not the resolved path -> test_guard_runs_on_the_joined_argv_and_is_called_once
Q24d KILLED           diff-lines= 2 1 run       guard fed the raw string for argv gates -> test_argv_form_is_verbatim
Q25  KILLED           diff-lines= 2 1 run       guard denial replaced by a fixed word -> test_huge_argv_is_refused_by_the_guard_cap
Q26  KILLED           diff-lines= 2 1 run       plan uses the root, not the gate cwd -> test_cwd_subfolder_is_honoured_by_the_child
Q27  KILLED           diff-lines= 2 1 run       plan drops the first word -> test_proof_plain_string_runs_as_argv
Q28  KILLED           diff-lines= 2 1 run       unexpected policy error not caught -> test_a_guard_crash_is_a_refusal_not_a_spawn
Q29  KILLED           diff-lines= 2 1 run       unexpected policy error returns None -> test_a_guard_crash_is_a_refusal_not_a_spawn
Q30  KILLED           diff-lines= 2 1 run       unexpected policy error is a pass-through plan -> test_a_guard_crash_is_a_refusal_not_a_spawn
E01  KILLED           diff-lines= 2 1 run       env not scrubbed -> test_spawn_arguments
E02  KILLED           diff-lines= 2 1 run       env scrub bypassed with an empty extra that restores the process env -> test_spawn_arguments
E03  KILLED(rerun)    diff-lines= 2 1 run       gate timeout ignored (budget cap lost) -> test_total_budget_caps_the_running_gate_and_skips_the_rest
E04  KILLED(rerun)    diff-lines= 2 1 run       timeout x100 -> test_proof_timeout_is_timeout_never_pass
E05  KILLED(rerun)    diff-lines= 2 1 run       no practical timeout -> test_proof_timeout_is_timeout_never_pass
E06  KILLED           diff-lines= 2 1 run       cwd not passed -> test_a_declared_shell_gate_still_runs_through_sh_when_allowed
E07  KILLED           diff-lines= 2 1 run       cwd is the process folder -> test_a_declared_shell_gate_still_runs_through_sh_when_allowed
E08  KILLED           diff-lines= 2 1 run       FileNotFoundError text lost -> test_missing_executable_is_an_error_not_a_pass
E09  KILLED           diff-lines= 2 1 run       PermissionError text lost -> test_not_executable_is_an_error
E10  KILLED           diff-lines= 2 1 run       other spawn errors escape -> test_unexpected_exception_while_collecting_is_an_error
E11  KILLED           diff-lines= 2 1 run       KeyboardInterrupt swallowed -> test_keyboard_interrupt_is_not_swallowed
E12  KILLED           diff-lines= 2 1 run       exception text in the message -> test_other_spawn_failures_are_errors_without_the_exception_text
E13  KILLED(rerun)    diff-lines= 2 1 run       timeout flag ignored -> test_proof_timeout_is_timeout_never_pass
E14  KILLED           diff-lines= 2 1 run       exit 0 outranks the timeout flag -> test_timeout_outranks_an_exit_code_of_zero
E15  KILLED           diff-lines= 2 1 run       missing exit status not handled -> test_missing_exit_status_is_an_error
E16  KILLED           diff-lines= 2 1 run       pass when exit <= 0 -> test_exit_code_mapping
E17  KILLED           diff-lines= 2 1 run       pass when exit != 0 -> test_proof_plain_string_runs_as_argv
E18  KILLED           diff-lines= 2 1 run       pass when exit is 0 or 1 -> test_exit_code_mapping
E19  KILLED           diff-lines= 2 1 run       signal text on positive codes -> test_exit_code_mapping
E20  KILLED           diff-lines= 2 1 run       failure status named error -> test_exit_code_mapping
E21  KILLED(rerun)    diff-lines= 2 1 run       timeout status named fail -> test_proof_timeout_is_timeout_never_pass
E22  KILLED(rerun)    diff-lines= 2 1 run       pass status on a timeout -> test_proof_timeout_is_timeout_never_pass
E23  KILLED           diff-lines= 2 1 run       tails not redacted -> test_tails_are_redacted
E24  KILLED           diff-lines= 2 1 run       head instead of tail -> test_the_tail_is_the_end_of_the_output
E25  KILLED           diff-lines= 2 1 run       tail flag: > becomes >= -> test_tail_boundary
E26  KILLED           diff-lines= 2 1 run       tail flag on the unredacted length -> test_the_capture_window_is_exactly_64000_bytes
E27  KILLED           diff-lines= 4 1 run       cut before redaction -> test_redaction_happens_before_the_tail_is_cut
E28  KILLED           diff-lines= 2 1 run       capture truncation flag ignored -> test_capture_truncation_counts_even_when_redaction_shrinks_the_text
E29  KILLED           diff-lines= 2 1 run       stdout cut flag ignored -> test_redaction_happens_before_the_tail_is_cut
E30  KILLED           diff-lines= 2 1 run       stderr cut flag ignored -> test_stderr_tail_is_cut_too
E31  KILLED           diff-lines= 2 1 run       cut flags and-ed -> test_redaction_happens_before_the_tail_is_cut
E32  KILLED           diff-lines= 2 1 run       stderr tail not redacted -> test_tails_are_redacted
E33  KILLED           diff-lines= 2 1 run       stdout tail not redacted -> test_tails_are_redacted
E34  KILLED(rerun)    diff-lines= 2 1 run       negative duration -> test_durations_are_small_non_negative_numbers
E35  KILLED           diff-lines= 2 1 run       stdout and stderr swapped in the result -> test_proof_plain_string_runs_as_argv
E36  KILLED           diff-lines= 2 1 run       exit code dropped -> test_exit_code_mapping
E37  KILLED           diff-lines= 2 1 run       gate id replaced -> test_one_spawn_per_gate_in_declared_order
E38  KILLED           diff-lines= 2 1 run       spawn failure reported as pass -> test_missing_executable_is_an_error_not_a_pass
E39  KILLED           diff-lines= 2 1 run       not-executable reported as fail -> test_not_executable_is_an_error
E40  KILLED           diff-lines= 2 1 run       generic spawn failure reported as pass -> test_other_spawn_failures_are_errors_without_the_exception_text
F01  KILLED           diff-lines= 2 1 run       empty gate list allowed -> test_run_gates_refuses_an_empty_list
F34  KILLED           diff-lines= 2 1 run       run_gates allows shell by default -> test_proof_shell_true_only_when_declared_and_allowed
F02  KILLED           diff-lines= 2 1 run       shell always allowed -> test_proof_shell_true_only_when_declared_and_allowed
F03  KILLED           diff-lines= 2 1 run       shell never allowed -> test_proof_shell_true_only_when_declared_and_allowed
F04  KILLED           diff-lines= 2 1 run       refusal only when every gate is refused -> test_a_refused_gate_spawns_nothing_and_skips_every_gate
F05  KILLED           diff-lines= 2 1 run       refusals never stop the run -> test_proof_metachar_is_a_policy_error_and_nothing_spawns
F06  KILLED           diff-lines= 2 1 run       refused gate reported as error -> test_proof_metachar_is_a_policy_error_and_nothing_spawns
F07  KILLED           diff-lines= 2 1 run       skipped gate reported as policy-error -> test_a_refused_gate_spawns_nothing_and_skips_every_gate
F08  KILLED           diff-lines= 2 1 run       skipped gate reported as pass -> test_a_refused_gate_spawns_nothing_and_skips_every_gate
F09  KILLED           diff-lines= 2 1 run       deadline in the past -> test_proof_plain_string_runs_as_argv
F10  KILLED           diff-lines= 2 1 run       budget: <= becomes < -> test_total_budget_boundary_with_a_frozen_clock
F11  KILLED(rerun)    diff-lines= 2 1 run       budget: skips under one second left -> test_total_budget_caps_the_running_gate_and_skips_the_rest
F12  KILLED           diff-lines= 2 1 run       budget check removed -> test_total_budget_spent_means_not_run_never_pass
F13  KILLED(rerun)    diff-lines= 2 1 run       per-gate timeout: max -> test_proof_timeout_is_timeout_never_pass
F14  KILLED(rerun)    diff-lines= 2 1 run       per-gate timeout: gate only -> test_total_budget_caps_the_running_gate_and_skips_the_rest
F15  KILLED(rerun)    diff-lines= 2 1 run       per-gate timeout: remaining only -> test_proof_timeout_is_timeout_never_pass
F16  KILLED           diff-lines= 2 1 run       budget-skipped gate reported as pass -> test_total_budget_spent_means_not_run_never_pass
F17  KILLED           diff-lines= 2 1 run       budget-skipped gates vanish (break) -> test_total_budget_spent_means_not_run_never_pass
F18  KILLED           diff-lines= 2 1 run       fail-fast: stop at the first non-pass -> test_exit_code_mapping
F19  KILLED           diff-lines= 2 1 run       gates run in reverse order -> test_one_spawn_per_gate_in_declared_order
F20  KILLED           diff-lines= 2 1 run       gates run sorted by id -> test_a_silent_gate_with_exit_0_passes_and_a_noisy_failure_fails
F21  KILLED           diff-lines= 2 1 run       duplicate ids collapse in the report -> test_duplicate_ids_never_swallow_a_gate
F22  KILLED           diff-lines= 2 x40 seeds   report order from a set -> test_one_spawn_per_gate_in_declared_order
F23  KILLED           diff-lines= 2 1 run       ok run reports exit 1 -> test_a_gate_file_is_not_a_c4_baseline
F24  KILLED           diff-lines= 2 1 run       policy error maps to 1 -> test_proof_metachar_is_a_policy_error_and_nothing_spawns
F25  KILLED(rerun)    diff-lines= 2 1 run       everything non-ok maps to 2 -> test_proof_timeout_is_timeout_never_pass
F26  KILLED           diff-lines= 2 1 run       policy-error check on fail -> test_proof_metachar_is_a_policy_error_and_nothing_spawns
F27  KILLED           diff-lines= 2 1 run       exit 0 whenever any gate passed -> test_every_gate_runs_after_a_failure
F28  KILLED           diff-lines= 2 1 run       ok when any gate passed -> test_every_gate_runs_after_a_failure
F29  KILLED           diff-lines= 2 1 run       ok when nothing failed (not-run counts as ok) -> test_total_budget_spent_means_not_run_never_pass
F30  KILLED           diff-lines= 2 1 run       ok on an empty report -> test_status_to_exit_code
F31  KILLED           diff-lines= 2 1 run       pass counted for not-run too -> test_a_refused_gate_spawns_nothing_and_skips_every_gate
F32  KILLED           diff-lines= 2 1 run       failed count is total -> test_every_gate_runs_after_a_failure
F33  KILLED           diff-lines= 2 1 run       report keeps only the first gate -> test_one_spawn_per_gate_in_declared_order
M01  KILLED           diff-lines= 2 1 run       --allow-shell inverted -> test_cli_allow_shell_flag
M02  KILLED           diff-lines= 2 1 run       shell always allowed from the CLI -> test_cli_allow_shell_flag
M03  KILLED           diff-lines= 2 1 run       --root ignored -> test_the_real_cli_refuses_a_relative_link_to_a_shell_and_creates_nothing
M04  KILLED           diff-lines= 2 1 run       default root is not the current folder -> test_the_real_cli_refuses_a_relative_link_to_a_shell_and_creates_nothing
M05  KILLED           diff-lines= 2 1 run       root errors not handled as such -> test_cli_bad_root_exit_2
M06  KILLED           diff-lines= 2 1 run       unexpected errors escape -> test_unexpected_error_is_exit_2_and_never_echoes_the_text
M07  KILLED           diff-lines= 2 1 run       gate-file error exits 1 -> test_bad_file_is_refused_and_exit_2
M08  KILLED           diff-lines= 2 1 run       unexpected error exits 1 -> test_unexpected_error_is_exit_2_and_never_echoes_the_text
M09  KILLED           diff-lines= 2 1 run       unexpected error text echoed -> test_unexpected_error_is_exit_2_and_never_echoes_the_text
M10  KILLED           diff-lines= 2 1 run       exit code is 0/1 only -> test_the_real_cli_refuses_a_relative_link_to_a_shell_and_creates_nothing
M11  KILLED           diff-lines= 2 1 run       a lost report still returns the gate code -> test_a_lost_report_is_exit_2
M12  KILLED           diff-lines= 2 1 run       report kind renamed -> test_report_schema_and_key_order
M13  KILLED           diff-lines= 2 1 run       report schema_version 2 -> test_a_gate_file_is_not_a_c4_baseline
M14  KILLED           diff-lines= 2 1 run       report has C4 results key -> test_a_gate_file_is_not_a_c4_baseline
M15  KILLED           diff-lines= 2 1 run       emit catches OSError only -> test_closed_stdout_is_exit_2
M16  KILLED           diff-lines= 2 1 run       emit reports success after a loss -> test_a_lost_report_is_exit_2
M17  KILLED           diff-lines= 1 1 run       emit does not flush -> test_a_lost_report_is_exit_2
M18  KILLED           diff-lines= 1 1 run       emit does not print -> test_bad_file_is_refused_and_exit_2
M19  KILLED           diff-lines= 6 1 run       lost stdout not parked (exit 120 at interpreter exit) -> test_full_disk_buffered_stdout_is_exit_2
M23  KILLED           diff-lines= 2 1 run       report JSON not ASCII-escaped -> test_non_ascii_output_survives_an_ascii_stdout
M20  KILLED           diff-lines= 2 1 run       one positional gate file only (nargs *) -> test_bad_file_is_refused_and_exit_2
M21  KILLED           diff-lines= 2 1 run       gate file path ignored for a fixed name -> test_empty_gate_list_exit_2_nothing_runs
M22  SURVIVED         diff-lines= 2 1 run       gates run before the root is checked (order) ->  [equivalent: the root is checked first or second: both failures print an exit-2 message, and no gate has run before either check]
G01  KILLED           diff-lines= 2 1 run       handlers never installed -> test_a_signal_to_the_runner_kills_the_running_gate_and_is_never_a_pass
G02  KILLED           diff-lines= 2 1 run       signal exits 0 -> test_a_signal_to_the_runner_kills_the_running_gate_and_is_never_a_pass
G03  KILLED           diff-lines= 2 1 run       signal exits 1 -> test_a_signal_to_the_runner_kills_the_running_gate_and_is_never_a_pass
G04  KILLED           diff-lines= 2 1 run       signal exits 128 -> test_a_signal_to_the_runner_kills_the_running_gate_and_is_never_a_pass
G05  KILLED           diff-lines= 2 1 run       signal exits with the bare signal number -> test_a_signal_to_the_runner_kills_the_running_gate_and_is_never_a_pass
G06  KILLED           diff-lines= 2 1 run       handlers not restored -> test_the_handlers_unwind_with_128_plus_the_signal_and_are_restored
G07  KILLED           diff-lines= 2 1 run       off-main-thread ValueError not handled -> test_the_handlers_are_left_alone_off_the_main_thread
G08  KILLED           diff-lines= 2 1 run       SIGHUP not handled -> test_shell_names_and_wrappers_are_the_documented_lists
G08b KILLED           diff-lines= 2 1 run       SIGTERM not handled -> test_shell_names_and_wrappers_are_the_documented_lists
G08c KILLED           diff-lines= 2 1 run       SIGINT handled instead of SIGHUP -> test_shell_names_and_wrappers_are_the_documented_lists
G09  KILLED           diff-lines= 2 1 run       handler raises KeyboardInterrupt -> test_a_signal_to_the_runner_kills_the_running_gate_and_is_never_a_pass
G10  KILLED           diff-lines= 2 1 run       run_gates outside the handlers' scope -> test_a_signal_to_the_runner_kills_the_running_gate_and_is_never_a_pass
G11  KILLED           diff-lines= 2 1 run       restore always to the default handler -> test_the_handlers_unwind_with_128_plus_the_signal_and_are_restored
G12  KILLED           diff-lines= 2 1 run       handler swallows the signal -> test_a_signal_to_the_runner_kills_the_running_gate_and_is_never_a_pass
G13  KILLED           diff-lines= 2 1 run       None (a C-installed handler) not guarded on restore -> test_a_handler_installed_from_c_is_restored_to_the_default
G14  KILLED           diff-lines= 2 1 run       only the first handler restored -> test_the_handlers_unwind_with_128_plus_the_signal_and_are_restored
T01  KILLED           diff-lines= 2 1 run       relative path resolved against the runner's cwd -> test_a_relative_symlink_to_a_shell_is_refused_from_the_gate_cwd_not_the_runner_cwd
T02  KILLED           diff-lines= 2 1 run       PATH search resolved from the runner's cwd -> test_a_bare_name_is_searched_along_a_relative_or_empty_path_entry_from_the_gate_cwd
T02b KILLED           diff-lines= 2 1 run       PATH entry not joined onto any cwd -> test_a_bare_name_is_searched_along_a_relative_or_empty_path_entry_from_the_gate_cwd
T03  KILLED           diff-lines= 2 1 run       non-executable files found on PATH -> test_a_non_executable_file_on_path_is_skipped_like_the_child_does
T04  KILLED           diff-lines= 2 1 run       directories and missing files found on PATH -> test_a_directory_of_the_same_name_on_path_is_skipped_like_the_child_does
T05  KILLED           diff-lines= 2 1 run       PATH hit not walked before the file test (r48, r49: a hit that is a link into /proc) -> test_a_bare_name_is_searched_along_a_relative_or_empty_path_entry_from_the_gate_cwd
T05b KILLED           diff-lines= 2 1 run       PATH hit returned unresolved (a link of any name to a shell is missed) -> test_a_bare_name_is_searched_along_a_relative_or_empty_path_entry_from_the_gate_cwd
T06  KILLED           diff-lines= 2 1 run       PATH fixed instead of the process PATH -> test_a_bare_name_is_searched_along_a_relative_or_empty_path_entry_from_the_gate_cwd
T07  KILLED           diff-lines= 2 1 run       path form not resolved through symlinks -> test_a_relative_symlink_to_a_shell_is_refused_from_the_gate_cwd_not_the_runner_cwd
T08  KILLED           diff-lines= 2 1 run       slash test only for absolute words -> test_a_relative_symlink_to_a_shell_is_refused_from_the_gate_cwd_not_the_runner_cwd
T09  KILLED           diff-lines= 2 1 run       empty PATH entries skipped -> test_a_bare_name_is_searched_along_a_relative_or_empty_path_entry_from_the_gate_cwd
T10  KILLED           diff-lines= 2 1 run       relative PATH entries skipped -> test_a_bare_name_is_searched_along_a_relative_or_empty_path_entry_from_the_gate_cwd
T11  KILLED           diff-lines= 2 1 run       only the first PATH entry searched -> /nonexistent]
T12  KILLED           diff-lines= 2 1 run       gate cwd replaced by the runner cwd for the whole check -> test_a_relative_symlink_to_a_shell_is_refused_from_the_gate_cwd_not_the_runner_cwd
T13  KILLED           diff-lines= 2 1 run       last PATH hit instead of the first (the judge's K08) -> test_the_first_path_hit_wins_not_the_last
V08  KILLED           diff-lines= 2 1 run       /proc not an opaque root -> test_a_path_under_proc_or_dev_is_refused_with_the_runner_in_another_folder
V09  KILLED           diff-lines= 2 1 run       /dev not an opaque root -> test_a_path_under_proc_or_dev_is_refused_with_the_runner_in_another_folder
V10  KILLED           diff-lines= 2 1 run       the root itself (/proc, /dev) not refused -> test_a_path_under_proc_or_dev_is_refused_with_the_runner_in_another_folder
V12  KILLED           diff-lines= 2 1 run       every link refused after the first (limit 0) -> test_proof_plain_string_runs_as_argv
V15  KILLED           diff-lines= 2 1 run       refusal exception not caught -> test_a_path_under_proc_or_dev_is_refused_with_the_runner_in_another_folder
V16  KILLED           diff-lines= 2 1 run       refusal echoes the word -> test_the_proc_refusal_never_echoes_the_word
V25  KILLED           diff-lines= 2 1 run       root prefix without the slash (QA Q25: /developer refused) -> test_the_root_names_are_matched_whole_so_a_sibling_folder_is_not_inside_them
W01  KILLED           diff-lines= 1 1 run       dotdot check on the word removed -> test_a_path_under_proc_or_dev_is_refused_with_the_runner_in_another_folder
W02  KILLED           diff-lines= 1 1 run       dotdot check on a PATH entry removed -> test_dotdot_is_refused_in_a_path_entry_that_the_search_reaches_not_in_one_after_the_hit
W03  KILLED           diff-lines= 2 1 run       dotdot only for the bare word .. -> test_a_path_under_proc_or_dev_is_refused_with_the_runner_in_another_folder
W04  KILLED           diff-lines= 2 1 run       dotdot checked AFTER normalisation (the D1 root cause) -> test_a_path_under_proc_or_dev_is_refused_with_the_runner_in_another_folder
W05  KILLED           diff-lines= 2 1 run       dotdot refusal echoes the path -> test_any_dotdot_component_in_the_executable_is_refused_before_any_normalisation
W06  KILLED           diff-lines= 2 1 run       no component is checked against /proc and /dev -> test_a_path_under_proc_or_dev_is_refused_with_the_runner_in_another_folder
W07  KILLED           diff-lines= 2 1 run       links never examined -> test_a_relative_symlink_to_a_shell_is_refused_from_the_gate_cwd_not_the_runner_cwd
W08  KILLED           diff-lines= 2 1 run       link target not pushed onto the walk -> test_a_relative_symlink_to_a_shell_is_refused_from_the_gate_cwd_not_the_runner_cwd
W09  KILLED           diff-lines= 2 1 run       link target pushed in the wrong order -> test_plain_strings_become_argv
W10  KILLED           diff-lines= 2 1 run       absolute target does not restart at / -> test_a_bare_name_is_searched_along_a_relative_or_empty_path_entry_from_the_gate_cwd
W11  KILLED           diff-lines= 2 1 run       every target restarts at / (relative targets resolved from the root) -> test_a_bare_name_is_searched_along_a_relative_or_empty_path_entry_from_the_gate_cwd
W12  KILLED           diff-lines= 2 1 run       the walk never advances -> test_proof_plain_string_runs_as_argv
W13  KILLED           diff-lines= 2 1 run       OSError while resolving accepted (fail open) -> test_an_unreadable_link_or_any_os_error_while_resolving_is_a_refusal_not_a_pass
W14  KILLED           diff-lines= 2 1 run       loop limit message missing (loop accepted as a plain refusal text) -> test_a_link_loop_is_refused_not_followed_forever
W15  KILLED           diff-lines= 2 1 run       shell check on the lexical word only (resolution dropped) -> test_a_relative_symlink_to_a_shell_is_refused_from_the_gate_cwd_not_the_runner_cwd
W16  KILLED           diff-lines= 2 1 run       the '.' component not skipped -> test_a_path_under_proc_or_dev_is_refused_with_the_runner_in_another_folder
W17  KILLED           diff-lines= 3 1 run       a '..' from a link target is joined, not applied (the walk's own D1) -> test_matrix_every_row_is_refused_with_the_runner_in_another_folder
W18  KILLED           diff-lines= 2 1 run       a '..' from a link target is ignored -> test_matrix_every_row_is_refused_with_the_runner_in_another_folder
W19  KILLED           diff-lines= 2 1 run       a '..' from a link target goes to the root -> test_matrix_every_row_is_refused_with_the_runner_in_another_folder
W21  KILLED           diff-lines= 2 1 run       the walk starts at // (a leading double slash is not seen as the root: QA Q26's form) -> test_a_path_under_proc_or_dev_is_refused_with_the_runner_in_another_folder
W22  KILLED           diff-lines= 2 1 run       an empty component (trailing slash, //) is not skipped: the resolved path keeps a trailing slash and its basename is empty -> test_matrix_every_row_is_refused_with_the_runner_in_another_folder
W20  SURVIVED         diff-lines= 2 1 run       a '..' from a link target is applied to the path text (normpath), not the folder reached ->  [equivalent: the folder reached holds no link and no .., so normpath(join(cur, '..')) is dirname(cur): the same value]
H01  KILLED           diff-lines= 2 1 run       shell check never called -> test_a_shell_or_a_wrapper_handed_a_shell_is_refused_in_a_non_shell_gate
H02  KILLED           diff-lines= 2 1 run       shell check also applied to declared shell gates -> test_proof_shell_true_only_when_declared_and_allowed
H03  KILLED           diff-lines= 2 1 run       shell check only on declared shell gates -> test_proof_shell_true_only_when_declared_and_allowed
H04  KILLED           diff-lines= 2 1 run       name not lower-cased -> test_a_shell_or_a_wrapper_handed_a_shell_is_refused_in_a_non_shell_gate
H05  KILLED           diff-lines= 2 1 run       .exe not stripped -> test_a_shell_or_a_wrapper_handed_a_shell_is_refused_in_a_non_shell_gate
H06  KILLED           diff-lines= 2 1 run       directory part not stripped -> test_a_shell_or_a_wrapper_handed_a_shell_is_refused_in_a_non_shell_gate
H07  KILLED           diff-lines= 2 1 run       resolved path (realpath) ignored -> test_a_relative_symlink_to_a_shell_is_refused_from_the_gate_cwd_not_the_runner_cwd
H08  KILLED           diff-lines= 2 1 run       bare name not looked up on PATH -> test_a_bare_name_is_searched_along_a_relative_or_empty_path_entry_from_the_gate_cwd
H09  KILLED           diff-lines= 2 1 run       path form not resolved -> test_a_relative_symlink_to_a_shell_is_refused_from_the_gate_cwd_not_the_runner_cwd
H10  KILLED           diff-lines= 2 1 run       lexical name ignored -> test_a_shell_or_a_wrapper_handed_a_shell_is_refused_in_a_non_shell_gate
H11  KILLED           diff-lines= 2 1 run       shell-running programs (su, watch) not refused -> test_a_shell_or_a_wrapper_handed_a_shell_is_refused_in_a_non_shell_gate
H12  KILLED           diff-lines= 2 1 run       wrappers never checked -> test_a_shell_or_a_wrapper_handed_a_shell_is_refused_in_a_non_shell_gate
H13  KILLED           diff-lines= 2 1 run       wrapper checks only the first argument -> test_a_shell_or_a_wrapper_handed_a_shell_is_refused_in_a_non_shell_gate
H14  KILLED           diff-lines= 2 1 run       wrapper refused without a shell argument -> test_ordinary_programs_are_not_mistaken_for_shells
H15  KILLED           diff-lines= 2 1 run       wrapper argument compared without its basename -> test_a_shell_or_a_wrapper_handed_a_shell_is_refused_in_a_non_shell_gate
H16  KILLED           diff-lines= 2 1 run       any program is checked like a wrapper -> test_ordinary_programs_are_not_mistaken_for_shells
H17  KILLED           diff-lines= 2 1 run       wrapper arguments compared case-sensitively -> test_every_listed_wrapper_is_refused_when_handed_a_shell_and_allowed_otherwise
H18  KILLED           diff-lines= 2 1 run       refusal echoes the executable -> test_a_refusal_never_echoes_the_command_or_cwd
H19  KILLED           diff-lines= 2 1 run       wrapper refusal echoes the arguments -> test_a_refusal_never_echoes_the_command_or_cwd
H20  KILLED           diff-lines= 2 1 run       shell names matched by prefix -> test_ordinary_programs_are_not_mistaken_for_shells
H21  KILLED           diff-lines= 2 1 run       python treated as a shell -> test_proof_plain_string_runs_as_argv
H22  KILLED           diff-lines= 2 1 run       ssh-keygen treated as a shell (prefix of a name) -> test_ordinary_programs_are_not_mistaken_for_shells
H23  KILLED           diff-lines= 2 1 run       refusal text drops the way out (--allow-shell) -> test_a_shell_or_a_wrapper_handed_a_shell_is_refused_in_a_non_shell_gate
H3-ash KILLED           diff-lines= 2 1 run       shell name ash dropped from the executable check -> test_a_shell_or_a_wrapper_handed_a_shell_is_refused_in_a_non_shell_gate
H4-ash KILLED           diff-lines= 2 1 run       shell name ash dropped from the wrapper argument check -> test_every_listed_shell_is_refused_as_the_executable_and_behind_a_wrapper
H3-bash KILLED           diff-lines= 2 1 run       shell name bash dropped from the executable check -> test_a_shell_or_a_wrapper_handed_a_shell_is_refused_in_a_non_shell_gate
H4-bash KILLED           diff-lines= 2 1 run       shell name bash dropped from the wrapper argument check -> test_a_shell_or_a_wrapper_handed_a_shell_is_refused_in_a_non_shell_gate
H3-csh KILLED           diff-lines= 2 1 run       shell name csh dropped from the executable check -> test_a_shell_or_a_wrapper_handed_a_shell_is_refused_in_a_non_shell_gate
H4-csh KILLED           diff-lines= 2 1 run       shell name csh dropped from the wrapper argument check -> test_every_listed_shell_is_refused_as_the_executable_and_behind_a_wrapper
H3-dash KILLED           diff-lines= 2 1 run       shell name dash dropped from the executable check -> test_a_shell_or_a_wrapper_handed_a_shell_is_refused_in_a_non_shell_gate
H4-dash KILLED           diff-lines= 2 1 run       shell name dash dropped from the wrapper argument check -> test_every_listed_shell_is_refused_as_the_executable_and_behind_a_wrapper
H3-fish KILLED           diff-lines= 2 1 run       shell name fish dropped from the executable check -> test_a_shell_or_a_wrapper_handed_a_shell_is_refused_in_a_non_shell_gate
H4-fish KILLED           diff-lines= 2 1 run       shell name fish dropped from the wrapper argument check -> test_every_listed_shell_is_refused_as_the_executable_and_behind_a_wrapper
H3-ksh KILLED           diff-lines= 2 1 run       shell name ksh dropped from the executable check -> test_a_shell_or_a_wrapper_handed_a_shell_is_refused_in_a_non_shell_gate
H4-ksh KILLED           diff-lines= 2 1 run       shell name ksh dropped from the wrapper argument check -> test_every_listed_shell_is_refused_as_the_executable_and_behind_a_wrapper
H3-mksh KILLED           diff-lines= 2 1 run       shell name mksh dropped from the executable check -> test_a_shell_or_a_wrapper_handed_a_shell_is_refused_in_a_non_shell_gate
H4-mksh KILLED           diff-lines= 2 1 run       shell name mksh dropped from the wrapper argument check -> test_every_listed_shell_is_refused_as_the_executable_and_behind_a_wrapper
H3-pdksh KILLED           diff-lines= 2 1 run       shell name pdksh dropped from the executable check -> test_every_listed_shell_is_refused_as_the_executable_and_behind_a_wrapper
H4-pdksh KILLED           diff-lines= 2 1 run       shell name pdksh dropped from the wrapper argument check -> test_every_listed_shell_is_refused_as_the_executable_and_behind_a_wrapper
H3-posh KILLED           diff-lines= 2 1 run       shell name posh dropped from the executable check -> test_every_listed_shell_is_refused_as_the_executable_and_behind_a_wrapper
H4-posh KILLED           diff-lines= 2 1 run       shell name posh dropped from the wrapper argument check -> test_every_listed_shell_is_refused_as_the_executable_and_behind_a_wrapper
H3-rbash KILLED           diff-lines= 2 1 run       shell name rbash dropped from the executable check -> test_every_listed_shell_is_refused_as_the_executable_and_behind_a_wrapper
H4-rbash KILLED           diff-lines= 2 1 run       shell name rbash dropped from the wrapper argument check -> test_every_listed_shell_is_refused_as_the_executable_and_behind_a_wrapper
H3-sh KILLED           diff-lines= 2 1 run       shell name sh dropped from the executable check -> test_a_shell_or_a_wrapper_handed_a_shell_is_refused_in_a_non_shell_gate
H4-sh KILLED           diff-lines= 2 1 run       shell name sh dropped from the wrapper argument check -> test_a_shell_or_a_wrapper_handed_a_shell_is_refused_in_a_non_shell_gate
H3-tcsh KILLED           diff-lines= 2 1 run       shell name tcsh dropped from the executable check -> test_a_shell_or_a_wrapper_handed_a_shell_is_refused_in_a_non_shell_gate
H4-tcsh KILLED           diff-lines= 2 1 run       shell name tcsh dropped from the wrapper argument check -> test_every_listed_shell_is_refused_as_the_executable_and_behind_a_wrapper
H3-yash KILLED           diff-lines= 2 1 run       shell name yash dropped from the executable check -> test_every_listed_shell_is_refused_as_the_executable_and_behind_a_wrapper
H4-yash KILLED           diff-lines= 2 1 run       shell name yash dropped from the wrapper argument check -> test_every_listed_shell_is_refused_as_the_executable_and_behind_a_wrapper
H3-zsh KILLED           diff-lines= 2 1 run       shell name zsh dropped from the executable check -> test_a_shell_or_a_wrapper_handed_a_shell_is_refused_in_a_non_shell_gate
H4-zsh KILLED           diff-lines= 2 1 run       shell name zsh dropped from the wrapper argument check -> test_every_listed_shell_is_refused_as_the_executable_and_behind_a_wrapper
H5-su KILLED           diff-lines= 2 1 run       su dropped from SHELL_RUNNERS -> test_a_shell_or_a_wrapper_handed_a_shell_is_refused_in_a_non_shell_gate
H5-watch KILLED           diff-lines= 2 1 run       watch dropped from SHELL_RUNNERS -> test_a_shell_or_a_wrapper_handed_a_shell_is_refused_in_a_non_shell_gate
H6-builtin KILLED           diff-lines= 2 1 run       wrapper builtin dropped -> test_every_listed_wrapper_is_refused_when_handed_a_shell_and_allowed_otherwise
H6-busybox KILLED           diff-lines= 2 1 run       wrapper busybox dropped -> test_a_shell_or_a_wrapper_handed_a_shell_is_refused_in_a_non_shell_gate
H6-chroot KILLED           diff-lines= 2 1 run       wrapper chroot dropped -> test_every_listed_wrapper_is_refused_when_handed_a_shell_and_allowed_otherwise
H6-chrt KILLED           diff-lines= 2 1 run       wrapper chrt dropped -> test_every_listed_wrapper_is_refused_when_handed_a_shell_and_allowed_otherwise
H6-command KILLED           diff-lines= 2 1 run       wrapper command dropped -> test_a_shell_or_a_wrapper_handed_a_shell_is_refused_in_a_non_shell_gate
H6-doas KILLED           diff-lines= 2 1 run       wrapper doas dropped -> test_every_listed_wrapper_is_refused_when_handed_a_shell_and_allowed_otherwise
H6-env KILLED           diff-lines= 2 1 run       wrapper env dropped -> test_a_shell_or_a_wrapper_handed_a_shell_is_refused_in_a_non_shell_gate
H6-exec KILLED           diff-lines= 2 1 run       wrapper exec dropped -> test_a_shell_or_a_wrapper_handed_a_shell_is_refused_in_a_non_shell_gate
H6-find KILLED           diff-lines= 2 1 run       wrapper find dropped -> test_a_shell_or_a_wrapper_handed_a_shell_is_refused_in_a_non_shell_gate
H6-flock KILLED           diff-lines= 2 1 run       wrapper flock dropped -> test_every_listed_wrapper_is_refused_when_handed_a_shell_and_allowed_otherwise
H6-ionice KILLED           diff-lines= 2 1 run       wrapper ionice dropped -> test_every_listed_wrapper_is_refused_when_handed_a_shell_and_allowed_otherwise
H6-nice KILLED           diff-lines= 2 1 run       wrapper nice dropped -> test_a_shell_or_a_wrapper_handed_a_shell_is_refused_in_a_non_shell_gate
H6-nohup KILLED           diff-lines= 2 1 run       wrapper nohup dropped -> test_a_shell_or_a_wrapper_handed_a_shell_is_refused_in_a_non_shell_gate
H6-nsenter KILLED           diff-lines= 2 1 run       wrapper nsenter dropped -> test_every_listed_wrapper_is_refused_when_handed_a_shell_and_allowed_otherwise
H6-parallel KILLED           diff-lines= 2 1 run       wrapper parallel dropped -> test_every_listed_wrapper_is_refused_when_handed_a_shell_and_allowed_otherwise
H6-runuser KILLED           diff-lines= 2 1 run       wrapper runuser dropped -> test_every_listed_wrapper_is_refused_when_handed_a_shell_and_allowed_otherwise
H6-script KILLED           diff-lines= 2 1 run       wrapper script dropped -> test_every_listed_wrapper_is_refused_when_handed_a_shell_and_allowed_otherwise
H6-setpriv KILLED           diff-lines= 2 1 run       wrapper setpriv dropped -> test_every_listed_wrapper_is_refused_when_handed_a_shell_and_allowed_otherwise
H6-setsid KILLED           diff-lines= 2 1 run       wrapper setsid dropped -> test_a_shell_or_a_wrapper_handed_a_shell_is_refused_in_a_non_shell_gate
H6-ssh KILLED           diff-lines= 2 1 run       wrapper ssh dropped -> test_every_listed_wrapper_is_refused_when_handed_a_shell_and_allowed_otherwise
H6-stdbuf KILLED           diff-lines= 2 1 run       wrapper stdbuf dropped -> test_every_listed_wrapper_is_refused_when_handed_a_shell_and_allowed_otherwise
H6-strace KILLED           diff-lines= 2 1 run       wrapper strace dropped -> test_every_listed_wrapper_is_refused_when_handed_a_shell_and_allowed_otherwise
H6-sudo KILLED           diff-lines= 2 1 run       wrapper sudo dropped -> test_a_shell_or_a_wrapper_handed_a_shell_is_refused_in_a_non_shell_gate
H6-taskset KILLED           diff-lines= 2 1 run       wrapper taskset dropped -> test_every_listed_wrapper_is_refused_when_handed_a_shell_and_allowed_otherwise
H6-time KILLED           diff-lines= 2 1 run       wrapper time dropped -> test_the_documented_wrapper_false_positives_are_refused
H6-timeout KILLED           diff-lines= 2 1 run       wrapper timeout dropped -> test_a_shell_or_a_wrapper_handed_a_shell_is_refused_in_a_non_shell_gate
H6-toybox KILLED           diff-lines= 2 1 run       wrapper toybox dropped -> test_every_listed_wrapper_is_refused_when_handed_a_shell_and_allowed_otherwise
H6-unshare KILLED           diff-lines= 2 1 run       wrapper unshare dropped -> test_every_listed_wrapper_is_refused_when_handed_a_shell_and_allowed_otherwise
H6-xargs KILLED           diff-lines= 2 1 run       wrapper xargs dropped -> test_a_shell_or_a_wrapper_handed_a_shell_is_refused_in_a_non_shell_gate
S01  KILLED           diff-lines= 1 1 run       stream: cwd not passed to Popen -> test_a_declared_shell_gate_still_runs_through_sh_when_allowed
S02  KILLED           diff-lines= 1 1 run       stream: stdin inherited -> test_spawn_arguments
S03  KILLED           diff-lines= 2 1 run       stream: no new session (no process group) -> test_spawn_arguments
S04  KILLED(rerun)    diff-lines= 2 1 run       stream: kill the child only, not the group -> test_timeout_kills_the_whole_process_group
S05  KILLED           diff-lines= 1 1 run       stream: shell=True -> test_proof_plain_string_runs_as_argv
S07  KILLED           diff-lines= 2 1 run       stream: stdin is an open pipe -> test_spawn_arguments
S08  KILLED           diff-lines= 2 1 run       stream: KEY dropped from the env scrub -> test_env_is_scrubbed
S09  KILLED           diff-lines= 2 1 run       stream: PASSWORD dropped from the env scrub -> test_env_is_scrubbed
S10  KILLED           diff-lines= 2 1 run       stream: SECRET dropped from the env scrub -> test_env_is_scrubbed
S11  KILLED           diff-lines= 2 1 run       stream: TOKEN dropped from the env scrub -> test_spawn_arguments
S12  KILLED           diff-lines= 2 1 run       stream: env scrub is case-sensitive -> test_env_is_scrubbed
S13  KILLED           diff-lines= 2 1 run       stream: env not scrubbed at all -> test_spawn_arguments
S14  KILLED           diff-lines= 2 1 run       stream: cwd defaults to the filesystem root -> test_stream_process_cwd_defaults_to_the_current_folder_and_can_be_set
S15  KILLED           diff-lines= 2 1 run       stream: a missing cwd falls back to the filesystem root -> test_stream_process_cwd_defaults_to_the_current_folder_and_can_be_set
S06  KILLED           diff-lines= 2 1 run       stream: cwd from the process folder -> test_a_declared_shell_gate_still_runs_through_sh_when_allowed
Z01  SURVIVED         diff-lines= 2 1 run       zip(strict=True) -> False in the refused branch ->  [equivalent: plans has one entry per gate, so strict only guards an impossible length mismatch]
Z02  SURVIVED         diff-lines= 2 1 run       zip(strict=True) -> False in the run loop ->  [equivalent: ready has one entry per gate when the refusal branch did not return]
Z03  SURVIVED         diff-lines= 2 1 run       isinstance(p, str) -> not isinstance(p, Plan) ->  [equivalent: plan_gate returns exactly Plan or str]
Z04  SURVIVED         diff-lines= 2 1 run       timeout default via entry.get ->  [equivalent: an explicit null gives get() -> None -> _timeout(None) -> None, the same refusal]
Z05  SURVIVED         diff-lines= 2 1 run       SandboxDenied -> OSError in the cwd except ->  [equivalent: SandboxDenied subclasses PermissionError, an OSError, and exc.reason exists on it]
TOTAL 427: killed 419, survived-equivalent 8, unexpected survivors/partial 0
