CONTROL (unmutated copy): rc=0 66 passed in 0.33s
T1   KILLED    diff-lines= 2 1 run       3 -> 2 (off by one down) -> test_a_clipped_long_result_keeps_its_reminder_in_the_tail, test_a_guard_denial_is_counted_and_gets_the_reminder, test_a_new_prompt_resets_the_count...
T2   KILLED    diff-lines= 2 1 run       3 -> 4 (off by one up) -> test_a_clipped_long_result_keeps_its_reminder_in_the_tail, test_a_guard_denial_is_counted_and_gets_the_reminder, test_a_tool_that_edits_its_own_arguments_cannot_merge_calls...
T3   KILLED    diff-lines= 2 1 run       5 -> 4 -> test_compaction_neither_resets_the_count_nor_splits_a_pair, test_output_does_not_depend_on_the_hash_seed, test_reminder_never_quotes_arguments_output_or_tool_name...
T4   KILLED    diff-lines= 2 1 run       5 -> 6 -> test_compaction_neither_resets_the_count_nor_splits_a_pair, test_output_does_not_depend_on_the_hash_seed, test_reminder_never_quotes_arguments_output_or_tool_name...
T5   KILLED    diff-lines= 2 1 run       8 -> 7 -> test_compaction_neither_resets_the_count_nor_splits_a_pair, test_output_does_not_depend_on_the_hash_seed, test_reminder_never_quotes_arguments_output_or_tool_name...
T6   KILLED    diff-lines= 2 1 run       8 -> 9 -> test_compaction_neither_resets_the_count_nor_splits_a_pair, test_output_does_not_depend_on_the_hash_seed, test_reminder_never_quotes_arguments_output_or_tool_name...
T7   KILLED    diff-lines= 2 1 run       9 added (9+ must stay silent) -> test_compaction_neither_resets_the_count_nor_splits_a_pair, test_output_does_not_depend_on_the_hash_seed, test_reminder_pattern_over_twenty_identical_calls...
T8   KILLED    diff-lines= 2 1 run       12 added -> test_output_does_not_depend_on_the_hash_seed, test_reminder_pattern_over_twenty_identical_calls, test_threads_with_their_own_loops_each_see_their_own_pattern
T9   KILLED    diff-lines= 2 1 run       3 dropped -> test_a_clipped_long_result_keeps_its_reminder_in_the_tail, test_a_guard_denial_is_counted_and_gets_the_reminder, test_a_tool_that_edits_its_own_arguments_cannot_merge_calls...
T10  KILLED    diff-lines= 2 1 run       8 dropped -> test_compaction_neither_resets_the_count_nor_splits_a_pair, test_output_does_not_depend_on_the_hash_seed, test_reminder_never_quotes_arguments_output_or_tool_name...
T11  KILLED    diff-lines= 2 1 run       membership inverted -> test_a_clipped_long_result_keeps_its_reminder_in_the_tail, test_a_guard_denial_is_counted_and_gets_the_reminder, test_a_new_prompt_resets_the_count...
T12  KILLED    diff-lines= 2 1 run       fires at every count >= 3 (< first) -> test_compaction_neither_resets_the_count_nor_splits_a_pair, test_output_does_not_depend_on_the_hash_seed, test_reminder_never_quotes_arguments_output_or_tool_name...
T13  KILLED    diff-lines= 2 1 run       fires from 4 (<= first) -> test_a_clipped_long_result_keeps_its_reminder_in_the_tail, test_a_guard_denial_is_counted_and_gets_the_reminder, test_a_tool_that_edits_its_own_arguments_cannot_merge_calls...
T14  KILLED    diff-lines= 2 1 run       silent above 8 inverted (> last) -> test_a_guard_denial_is_counted_and_gets_the_reminder, test_a_new_prompt_resets_the_count, test_a_run_that_raised_does_not_leak_its_count_into_the_next_run...
T15  KILLED    diff-lines= 2 1 run       fires at every count >= 1 -> test_a_guard_denial_is_counted_and_gets_the_reminder, test_a_new_prompt_resets_the_count, test_a_run_that_raised_does_not_leak_its_count_into_the_next_run...
T16  KILLED    diff-lines= 2 1 run       tier: gentle only at 3 -> not-equal -> test_a_clipped_long_result_keeps_its_reminder_in_the_tail, test_a_guard_denial_is_counted_and_gets_the_reminder, test_a_tool_that_edits_its_own_arguments_cannot_merge_calls...
T17  KILLED    diff-lines= 2 1 run       tier: gentle at the second threshold -> test_a_clipped_long_result_keeps_its_reminder_in_the_tail, test_a_guard_denial_is_counted_and_gets_the_reminder, test_a_tool_that_edits_its_own_arguments_cannot_merge_calls...
T18  KILLED    diff-lines= 2 1 run       tier: gentle at 3 and 5 (<= second) -> test_compaction_neither_resets_the_count_nor_splits_a_pair, test_output_does_not_depend_on_the_hash_seed, test_reminder_never_quotes_arguments_output_or_tool_name...
T19  KILLED    diff-lines= 2 1 run       tier: always firm -> test_a_clipped_long_result_keeps_its_reminder_in_the_tail, test_a_guard_denial_is_counted_and_gets_the_reminder, test_a_tool_that_edits_its_own_arguments_cannot_merge_calls...
T20  KILLED    diff-lines= 2 1 run       tier: always gentle -> test_compaction_neither_resets_the_count_nor_splits_a_pair, test_output_does_not_depend_on_the_hash_seed, test_reminder_never_quotes_arguments_output_or_tool_name...
T21  KILLED    diff-lines= 2 1 run       firm text shows count + 1 -> test_compaction_neither_resets_the_count_nor_splits_a_pair, test_output_does_not_depend_on_the_hash_seed, test_reminder_never_quotes_arguments_output_or_tool_name...
T22  KILLED    diff-lines= 2 1 run       firm text shows a fixed 5 -> test_compaction_neither_resets_the_count_nor_splits_a_pair, test_output_does_not_depend_on_the_hash_seed, test_reminder_never_quotes_arguments_output_or_tool_name...
T23  KILLED    diff-lines= 2 1 run       separator \n\n -> \n -> test_a_clipped_long_result_keeps_its_reminder_in_the_tail, test_a_guard_denial_is_counted_and_gets_the_reminder, test_chain_crosses_turns_into_a_batch...
T24  KILLED    diff-lines= 2 1 run       no separator -> test_a_clipped_long_result_keeps_its_reminder_in_the_tail, test_a_guard_denial_is_counted_and_gets_the_reminder, test_chain_crosses_turns_into_a_batch...
T25  SURVIVED  diff-lines= 2 1 run       tier equivalent: gentle at < second ->  [equivalent: count is already in {3,5,8}, so < 5 is the same set as == 3]
T26  SURVIVED  diff-lines= 2 1 run       tier equivalent: gentle at <= first ->  [equivalent: count is already in {3,5,8}, so <= 3 is the same set as == 3]
C1   KILLED    diff-lines= 2 1 run       increment by 2 -> test_a_clipped_long_result_keeps_its_reminder_in_the_tail, test_a_guard_denial_is_counted_and_gets_the_reminder, test_a_new_prompt_resets_the_count...
C2   KILLED    diff-lines= 2 1 run       never increments -> test_a_clipped_long_result_keeps_its_reminder_in_the_tail, test_a_guard_denial_is_counted_and_gets_the_reminder, test_a_tool_that_edits_its_own_arguments_cannot_merge_calls...
C3   KILLED    diff-lines= 2 1 run       restart value 0 after a different call -> test_a_clipped_long_result_keeps_its_reminder_in_the_tail, test_a_guard_denial_is_counted_and_gets_the_reminder, test_a_tool_that_edits_its_own_arguments_cannot_merge_calls...
C4   KILLED    diff-lines= 2 1 run       restart value 2 after a different call -> test_a_clipped_long_result_keeps_its_reminder_in_the_tail, test_a_guard_denial_is_counted_and_gets_the_reminder, test_a_new_prompt_resets_the_count...
C5   KILLED    diff-lines= 2 1 run       key equality inverted -> test_a_clipped_long_result_keeps_its_reminder_in_the_tail, test_a_guard_denial_is_counted_and_gets_the_reminder, test_a_tool_that_edits_its_own_arguments_cannot_merge_calls...
C6   KILLED    diff-lines= 2 1 run       every call merged into one chain -> test_a_tool_that_edits_its_own_arguments_cannot_merge_calls, test_different_calls_are_never_merged, test_names_are_exact...
C7   KILLED    diff-lines= 2 1 run       identity compare instead of equality -> test_a_clipped_long_result_keeps_its_reminder_in_the_tail, test_a_guard_denial_is_counted_and_gets_the_reminder, test_a_tool_that_edits_its_own_arguments_cannot_merge_calls...
C8   KILLED    diff-lines= 2 1 run       None check dropped (first call raises, fail-open) -> test_a_clipped_long_result_keeps_its_reminder_in_the_tail, test_a_guard_denial_is_counted_and_gets_the_reminder, test_a_tool_that_edits_its_own_arguments_cannot_merge_calls...
C9   KILLED    diff-lines= 2 1 run       chain never stored -> test_a_clipped_long_result_keeps_its_reminder_in_the_tail, test_a_guard_denial_is_counted_and_gets_the_reminder, test_a_tool_that_edits_its_own_arguments_cannot_merge_calls...
C10  KILLED    diff-lines= 2 1 run       chain stored with count 1 -> test_a_clipped_long_result_keeps_its_reminder_in_the_tail, test_a_guard_denial_is_counted_and_gets_the_reminder, test_a_tool_that_edits_its_own_arguments_cannot_merge_calls...
C11  KILLED    diff-lines= 4 1 run       total count per call key (never reset by a different call) -> test_a_new_prompt_resets_the_count, test_a_run_that_raised_does_not_leak_its_count_into_the_next_run, test_an_unkeyable_call_resets_the_chain...
C12  KILLED    diff-lines= 2 1 run       reset() does nothing -> test_a_new_prompt_resets_the_count, test_a_run_that_raised_does_not_leak_its_count_into_the_next_run, test_resume_restarts_the_count_and_the_rerun_path_counts...
K1   KILLED    diff-lines= 2 x40 seeds   key order matters (sort_keys False) -> test_key_order_does_not_matter, test_output_does_not_depend_on_the_hash_seed, test_unkeyable_arguments_fail_open_with_no_reminder_and_no_exception
K2   KILLED    diff-lines= 2 x40 seeds   only the top level is key-sorted -> test_key_order_does_not_matter, test_output_does_not_depend_on_the_hash_seed
K3   KILLED    diff-lines= 2 x40 seeds   set-based key (order free, nested values unhashable) -> test_key_order_does_not_matter, test_output_does_not_depend_on_the_hash_seed, test_reminder_never_quotes_arguments_output_or_tool_name...
K4   KILLED    diff-lines= 2 1 run       name dropped from the key -> test_different_calls_are_never_merged, test_names_are_exact, test_size_cap_boundary
K5   KILLED    diff-lines= 2 1 run       arguments dropped from the key -> test_a_keyboard_interrupt_is_not_swallowed, test_a_tool_that_edits_its_own_arguments_cannot_merge_calls, test_an_unkeyable_call_resets_the_chain...
K6   KILLED    diff-lines= 2 1 run       default separators (cap counted on a longer text) -> test_size_cap_boundary
K7   KILLED    diff-lines= 2 1 run       cap: > becomes >= -> test_size_cap_boundary
K8   KILLED    diff-lines= 2 1 run       cap: > MAX + 1 -> test_size_cap_boundary
K9   KILLED    diff-lines= 2 1 run       cap inverted -> test_a_clipped_long_result_keeps_its_reminder_in_the_tail, test_a_guard_denial_is_counted_and_gets_the_reminder, test_a_tool_that_edits_its_own_arguments_cannot_merge_calls...
K10  KILLED    diff-lines= 2 1 run       cap removed -> test_size_cap_boundary, test_unkeyable_arguments_fail_open_with_no_reminder_and_no_exception
K11  KILLED    diff-lines= 2 1 run       cap constant changed -> test_size_cap_boundary
K12  KILLED    diff-lines= 2 1 run       unserialisable values stringified -> test_unkeyable_arguments_fail_open_with_no_reminder_and_no_exception
K13  KILLED    diff-lines= 2 1 run       key is the text, not a digest (memory) -> test_digest_is_full_and_distinct, test_state_is_one_digest_and_one_count_whatever_the_arguments
K14  KILLED    diff-lines= 2 x40 seeds   key is hash(text) (same equality per process; the 64-char digest is pinned) -> test_digest_is_full_and_distinct
K15  KILLED    diff-lines= 4 1 run       tool output goes into the key -> test_a_tool_that_edits_its_own_arguments_cannot_merge_calls, test_huge_result_gets_the_reminder, test_size_cap_boundary...
K16  KILLED    diff-lines= 2 1 run       call id goes into the key -> test_a_clipped_long_result_keeps_its_reminder_in_the_tail, test_a_guard_denial_is_counted_and_gets_the_reminder, test_a_tool_that_edits_its_own_arguments_cannot_merge_calls...
K17  KILLED    diff-lines= 2 1 run       name dropped at the call site -> test_different_calls_are_never_merged, test_size_cap_boundary
K18  KILLED    diff-lines= 2 1 run       arguments dropped at the call site -> test_a_tool_that_edits_its_own_arguments_cannot_merge_calls, test_an_unkeyable_call_resets_the_chain, test_different_calls_are_never_merged...
F1   KILLED    diff-lines= 2 1 run       except narrowed to TypeError/ValueError -> test_other_exceptions_fail_open, test_unkeyable_arguments_fail_open_with_no_reminder_and_no_exception
F2   KILLED    diff-lines= 2 1 run       except widened to BaseException -> test_a_keyboard_interrupt_is_not_swallowed
F3   KILLED    diff-lines= 5 1 run       except re-raises -> test_an_unkeyable_call_resets_the_chain, test_other_exceptions_fail_open, test_unkeyable_arguments_fail_open_with_no_reminder_and_no_exception
F4   KILLED    diff-lines= 4 1 run       except does not reset the chain -> test_an_unkeyable_call_resets_the_chain
F5   KILLED    diff-lines= 2 1 run       except returns None -> test_an_unkeyable_call_resets_the_chain, test_other_exceptions_fail_open, test_unkeyable_arguments_fail_open_with_no_reminder_and_no_exception
F6   KILLED    diff-lines= 5 1 run       except removed (try body only) -> test_an_unkeyable_call_resets_the_chain, test_other_exceptions_fail_open, test_unkeyable_arguments_fail_open_with_no_reminder_and_no_exception
F7   KILLED    diff-lines= 1 1 run       no key: chain not reset -> test_an_unkeyable_call_resets_the_chain
F8   KILLED    diff-lines= 3 1 run       no key branch removed (None keys chain up) -> test_size_cap_boundary, test_unkeyable_arguments_fail_open_with_no_reminder_and_no_exception
F9   KILLED    diff-lines= 2 1 run       no key: returns a reminder -> test_an_unkeyable_call_resets_the_chain, test_size_cap_boundary, test_unkeyable_arguments_fail_open_with_no_reminder_and_no_exception
S1   KILLED    diff-lines= 3 1 run       no reminder appended -> test_a_clipped_long_result_keeps_its_reminder_in_the_tail, test_a_guard_denial_is_counted_and_gets_the_reminder, test_a_tool_that_edits_its_own_arguments_cannot_merge_calls...
S2   KILLED    diff-lines= 1 1 run       reset missing in run() -> test_a_new_prompt_resets_the_count, test_a_run_that_raised_does_not_leak_its_count_into_the_next_run
S3   KILLED    diff-lines= 1 1 run       reset missing in resume() -> test_resume_restarts_the_count_and_the_rerun_path_counts, test_resume_with_a_new_user_message_resets
S4   KILLED    diff-lines= 5 1 run       reset at the END of run() (a raised run leaks its count) -> test_a_run_that_raised_does_not_leak_its_count_into_the_next_run
S5   KILLED    diff-lines= 1 1 run       reset on every context fit (compaction) -> test_a_clipped_long_result_keeps_its_reminder_in_the_tail, test_compaction_neither_resets_the_count_nor_splits_a_pair
S6   KILLED    diff-lines= 2 1 run       notice appended BEFORE the secret scan -> test_the_reminder_survives_redaction_and_is_not_altered_by_it
S7   KILLED    diff-lines= 6 1 run       denials and errors not counted -> test_a_guard_denial_is_counted_and_gets_the_reminder, test_a_tool_that_edits_its_own_arguments_cannot_merge_calls, test_tool_errors_and_unknown_tools_are_counted_too
S8   KILLED    diff-lines= 5 1 run       counted in _drive only (rerun path uncounted) -> test_a_tool_that_edits_its_own_arguments_cannot_merge_calls, test_resume_restarts_the_count_and_the_rerun_path_counts
S9b  KILLED    diff-lines= 1 1 run       uncertain result (report_unknown branch) counted too -> test_uncertain_results_are_neither_counted_nor_given_a_reminder
S9   KILLED    diff-lines= 1 1 run       uncertain result (missing tool / guard branch) counted too -> test_uncertain_results_from_a_missing_tool_or_a_guard_are_not_counted
S10  KILLED    diff-lines= 3 1 run       state shared across loops (module level) -> test_threads_with_their_own_loops_each_see_their_own_pattern, test_two_loop_instances_share_no_state
S11  KILLED    diff-lines= 3 1 run       the call is skipped from count 7 (a veto) -> test_compaction_neither_resets_the_count_nor_splits_a_pair, test_it_never_vetoes_skips_or_changes_a_call, test_reminder_never_quotes_arguments_output_or_tool_name...
S12  KILLED    diff-lines= 3 1 run       result replaced by the notice (call result lost) -> test_a_clipped_long_result_keeps_its_reminder_in_the_tail, test_a_guard_denial_is_counted_and_gets_the_reminder, test_chain_crosses_turns_into_a_batch...
S13  KILLED    diff-lines= 3 1 run       tool output copied into the reminder -> test_a_clipped_long_result_keeps_its_reminder_in_the_tail, test_a_guard_denial_is_counted_and_gets_the_reminder, test_a_tool_that_edits_its_own_arguments_cannot_merge_calls...
S14  KILLED    diff-lines= 3 1 run       arguments copied into the reminder -> test_a_clipped_long_result_keeps_its_reminder_in_the_tail, test_a_guard_denial_is_counted_and_gets_the_reminder, test_a_tool_that_edits_its_own_arguments_cannot_merge_calls...
S15  KILLED    diff-lines= 3 1 run       tool name copied into the reminder -> test_a_clipped_long_result_keeps_its_reminder_in_the_tail, test_a_guard_denial_is_counted_and_gets_the_reminder, test_a_tool_that_edits_its_own_arguments_cannot_merge_calls...
S16  KILLED    diff-lines= 6 1 run       reminder as its own user message (pair split) -> test_a_clipped_long_result_keeps_its_reminder_in_the_tail, test_a_guard_denial_is_counted_and_gets_the_reminder, test_a_tool_that_edits_its_own_arguments_cannot_merge_calls...
S17  KILLED    diff-lines= 4 1 run       count AFTER the run (the rev 1 order; a tool that edits its arguments merges calls) -> test_a_tool_that_edits_its_own_arguments_cannot_merge_calls
S18  SURVIVED  diff-lines= 2 1 run       resume() of a completed snapshot does not reset (equivalent) ->  [equivalent: a completed snapshot runs no call, and the next run() or resume() resets first]
S19  KILLED    diff-lines= 2 1 run       observer built per call (never counts) -> test_a_clipped_long_result_keeps_its_reminder_in_the_tail, test_a_guard_denial_is_counted_and_gets_the_reminder, test_a_tool_that_edits_its_own_arguments_cannot_merge_calls...
Z1   KILLED    diff-lines= 2 1 run       digest cut to one hex char -> test_digest_is_full_and_distinct, test_names_are_exact
Z2   KILLED    diff-lines= 2 1 run       ensure_ascii=False (non-ASCII arguments become untracked) -> test_unicode_arguments_are_tracked
Z3   KILLED    diff-lines= 2 1 run       allow_nan=False (NaN arguments untracked) -> test_nan_arguments_are_tracked
Z4   KILLED    diff-lines= 2 1 run       except narrowed to TypeError/ValueError/RuntimeError -> test_other_exceptions_fail_open
Z5   KILLED    diff-lines= 2 1 run       except narrowed to six named classes (no MemoryError) -> test_other_exceptions_fail_open
Z6   KILLED    diff-lines= 2 1 run       name lower-cased -> test_names_are_exact
Z7   KILLED    diff-lines= 2 1 run       name stripped -> test_names_are_exact
Z8   KILLED    diff-lines= 1 1 run       key text lower-cased -> test_names_are_exact, test_values_are_exact
Z9   KILLED    diff-lines= 1 1 run       spaces removed from the key text -> test_names_are_exact, test_values_are_exact
Z11  SURVIVED  diff-lines= 2 1 run       run length stored capped at 9 (equivalent: 9 and above are silent anyway) ->  [equivalent: a stored count of 9 still gives 9, 10... and none of them is in (3, 5, 8)]
Z14  KILLED    diff-lines= 3 1 run       an empty tool result gets no reminder -> test_empty_result_gets_the_reminder
Z15  KILLED    diff-lines= 3 1 run       a result over 60,000 characters gets no reminder -> test_huge_result_gets_the_reminder
Z17  KILLED    diff-lines= 3 1 run       resume() resets only when calls are pending (the team.py path) -> test_resume_with_a_new_user_message_resets
Z21  KILLED    diff-lines= 2 1 run       chain cleared at the start of every multi-call turn -> test_chain_crosses_turns_into_a_batch
Z35  KILLED    diff-lines= 1 1 run       null merged with the empty string -> test_values_are_exact
Z36  SURVIVED  diff-lines= 2 1 run       name and arguments swapped in the key (equivalent: same equality) ->  [equivalent: the pair is still unique per call; only the digest changes]
TOTAL 101: killed 96, survived-equivalent 5, unexpected survivors/partial 0
