sk-+a             0.0051  0.0289  0.1237   5x size (200k to 1M) -> time x 4.3
sk-_repeat        0.0061  0.0794  0.3649   5x size (200k to 1M) -> time x 4.6
task-repeat       0.0032  0.0177  0.0708   5x size (200k to 1M) -> time x 4.0
://a:             0.0039  0.0048  0.0104   5x size (200k to 1M) -> time x 2.2
://a_no_at        0.0039  0.0037  0.0100   5x size (200k to 1M) -> time x 2.7
://x:y:x:y@miss   0.0035  0.0046  0.0095   5x size (200k to 1M) -> time x 2.1
at-run            0.0035  0.0040  0.0061   5x size (200k to 1M) -> time x 1.5
colon-run         0.0029  0.0065  0.0095   5x size (200k to 1M) -> time x 1.5
token-space       0.0036  0.0063  0.0089   5x size (200k to 1M) -> time x 1.4
token=rep         0.0037  0.0232  0.0949   5x size (200k to 1M) -> time x 4.1
token=a15         0.0029  0.0043  0.0092   5x size (200k to 1M) -> time x 2.1
api_key-rep       0.0035  0.0045  0.0093   5x size (200k to 1M) -> time x 2.1
bearer-sp         0.0038  0.0197  0.0951   5x size (200k to 1M) -> time x 4.8
bearer-sp-a       0.0042  0.0167  0.0691   5x size (200k to 1M) -> time x 4.1
bearer-2sp-rep    0.0032  0.0208  0.0834   5x size (200k to 1M) -> time x 4.0
bearer-1sp-long-run  0.0035  0.0248  0.1100   5x size (200k to 1M) -> time x 4.4
bearer-sp-rep-15  0.0055  0.0173  0.0949   5x size (200k to 1M) -> time x 5.5
bearer-15         0.0043  0.0209  0.0833   5x size (200k to 1M) -> time x 4.0
eyJ-rep           0.0040  0.0037  0.0096   5x size (200k to 1M) -> time x 2.6
eyJ8.rep          0.0036  0.0043  0.0081   5x size (200k to 1M) -> time x 1.9
BEGIN-A           0.0035  0.0045  0.0096   5x size (200k to 1M) -> time x 2.1
BEGIN-rep         0.0035  0.0035  0.0091   5x size (200k to 1M) -> time x 2.6
AKIA-rep          0.0030  0.0048  0.0074   5x size (200k to 1M) -> time x 1.5
ghp_rep           0.0038  0.0172  0.0692   5x size (200k to 1M) -> time x 4.0
xox               0.0045  0.0255  0.1369   5x size (200k to 1M) -> time x 5.4
github_pat-rep    0.0049  0.0256  0.1237   5x size (200k to 1M) -> time x 4.8
sk_live-rep       0.0030  0.0220  0.0777   5x size (200k to 1M) -> time x 3.5
sk_live-run       0.0051  0.0307  0.1117   5x size (200k to 1M) -> time x 3.6
AIza-rep          0.0029  0.0049  0.0074   5x size (200k to 1M) -> time x 1.5
AIza-run          0.0037  0.0042  0.0080   5x size (200k to 1M) -> time x 1.9
basic-sp          0.0040  0.0163  0.0722   5x size (200k to 1M) -> time x 4.4
basic-rep         0.0042  0.0199  0.0877   5x size (200k to 1M) -> time x 4.4
basic-run         0.0046  0.0279  0.1233   5x size (200k to 1M) -> time x 4.4
secret_access-rep  0.0040  0.0048  0.0097   5x size (200k to 1M) -> time x 2.0
secret_key-rep    0.0040  0.0036  0.0098   5x size (200k to 1M) -> time x 2.7
token=sym-run     0.0048  0.0250  0.1325   5x size (200k to 1M) -> time x 5.3
password=@-rep    0.0051  0.0388  0.1018   5x size (200k to 1M) -> time x 2.6
token-gap-rep     0.0082  0.0213  0.0907   5x size (200k to 1M) -> time x 4.3
kv-11-rep         0.0054  0.0206  0.1330   5x size (200k to 1M) -> time x 6.5
mixed             0.0043  0.0171  0.0794   5x size (200k to 1M) -> time x 4.7
max seconds at 1,000,000 chars: 0.36492685600023833
